 Program: mloc v10.5.1, release date 7/19/2020
 Run: mangyshlak4.1
 Author: EBergman
 Date: 20200721 161123.227
 Travel times: ak135
 Lg travel times:   0.00 +  31.50 * delta
 T-phase travel times:  15.00 +  75.00 * delta
 Station elevation correction: on (focal depth referenced to geoid in direct calibration)
 Data flags used: on 
 Residuals weighted by reading errors: on 
 Assume perfect theoretical TTs for hypocentroid (ttsprd = 0): off
 Reading errors: mangyshlak4/mangyshlak3.5.rderr
 Minimum allowed reading errors:  0.10 (local) / 0.15 (general) / 1.00 (depth phases)
 Reading errors for local phases: Not set
 Cluster vector fudge factor (non-gaussian):   0.00
 Travel time spread: mangyshlak4/mangyshlak3.5.ttsprd
 Windowing:   3.0  4.0
 Hypocentroid bias correction: on
 Direct calibration: off
 Distance ranges:
    Hypocentroid   :   30.0  90.0    using P only
    Cluster vectors:    0.0 180.0
 Hypocentroid location parameters: (lat, lon,      , origin time)
                                                                                                          NDATA LOST
                         TIME        LATITUDE     LONGITUDE       DEPTH           E**2/NSTA   SHAT  PRMAX  DELT PRES FLAG
 START                 7: 1:39.81      43.914        54.844         0.3

 ITER 0                     -0.40 S    -5.60 KM      -7.76 KM       0.00 KM     284.3/  422   1.22    4.0   741  252  326
 ITER 1                     -0.00 S    -0.42 KM      -0.37 KM       0.00 KM     277.5/  423   1.21    4.0   740  252  326

 CUMULATIVE                 -0.41 S    -6.02 KM      -8.13 KM       0.00 KM    AZIM =  233 DEG    DIST = 10.1 KM

 SOLUTION              7: 1:39.41      43.860        54.743         0.3
 STANDARD ERRORS             0.07 S     0.015 DEG     0.013 DEG     0.00 KM    ELLIPSE:  87.7 DEG   2.3 AND    3.5 KM

 ***************************************************************************************************************
 SHIFT                       0.41 S     0.026 DEG     0.078 DEG     0.00 KM    AZIM =   65 DEG    DIST =  6.9 KM
 CALIBRATED            7: 1:39.81      43.886        54.821         0.3

 Calibration event correction vectors (weights):

 EVENT   1  19691206.0702.59   0.35(1.00)   0.025(0.96)   0.071(0.96)   0.00(1.00) AZIM =   64 DEG    DIST =  6.3 KM
 EVENT   2  19701212.0700.59   0.43(1.00)   0.028(1.18)   0.080(1.18)   0.00(1.00) AZIM =   64 DEG    DIST =  7.1 KM
 EVENT   3  19701223.0700.59   0.45(1.00)   0.026(0.86)   0.084(0.86)   0.00(1.00) AZIM =   67 DEG    DIST =  7.3 KM

 *************************************************************************************************************
 cluster vector statistics   ITER      E**2/NSTA      SHATC
                               0        327.1/  792    0.82
                               1        322.6/  797    0.81
 Spread of event normalized sample variances:  0.042

                                       INITIAL                      CHANGE                       FINAL
 EVENT   1  19691206.0702.59     6.3 KM  AT  214 DEG          2.7 KM  AT    5 DEG          4.1 KM  AT  233 DEG
 EVENT   2  19701212.0700.59     8.0 KM  AT  207 DEG          9.6 KM  AT    7 DEG          3.4 KM  AT  316 DEG
 EVENT   3  19701223.0700.59    14.2 KM  AT   30 DEG         12.4 KM  AT  187 DEG          5.7 KM  AT   90 DEG

 *******************************************************************************************************************
 DATA IMPORTANCE:               NNE    NE   ENE   ESE    SE   SSE   SSW    SW   WSW   WNW    NW   NNW
  HYPOCENTROID:               0.061 0.139 0.070 0.065 0.071 0.000 0.129 0.056 0.018 0.212 0.065 0.114
  EVENT   1  19691206.0702.59 0.032 0.070 0.030 0.077 0.066 0.018 0.065 0.049 0.182 0.114 0.147 0.151   ------------
  EVENT   2  19701212.0700.59 0.045 0.103 0.032 0.091 0.057 0.016 0.069 0.057 0.087 0.160 0.157 0.124   ------------
  EVENT   3  19701223.0700.59 0.043 0.100 0.019 0.102 0.068 0.022 0.075 0.037 0.184 0.162 0.050 0.137   ------------
  CLUSTER VECTORS:            0.040 0.091 0.027 0.090 0.064 0.019 0.070 0.048 0.151 0.145 0.118 0.137

 ******************************************************************************************************************************
 CLUSTER EVENT   1 19691206.0702.59                        mangyshlak4/19691206.0702.59.mnf
 MAG    5.8
 Cluster vector location parameters: (lat, lon,      , origin time)
            DATE         TIME        LATITUDE     LONGITUDE       DEPTH         EC**2/NSTA    EH**2/NSTA  PRMAX  DELT PRES FLAG
 INPUT   12/ 6/1969    7: 2:59.85      43.867        54.800         0.4
 START   12/ 6/1969    7: 2:59.85      43.867        54.800         0.2

 ITER 0                      0.06 S     2.76 KM       0.27 KM       0.00 KM     102.8/ 235     71.0/ 118    4.0   197   56   69
 ITER 1                     -0.00 S    -0.03 KM      -0.03 KM       0.00 KM     101.8/ 233     73.6/ 118    4.0   197   56   69

  CUMULATIVE                 0.06 S     2.73 KM       0.24 KM       0.00 KM    AZIM =    5 DEG    DIST =  2.7 KM
 +HYPOCENTROID              -0.41 S    -6.02 KM      -8.13 KM       0.00 KM
  TOTAL                     -0.35 S    -3.29 KM      -7.88 KM       0.00 KM    AZIM =  247 DEG    DIST =  8.5 KM

 SOLUTION 12/ 6/1969   7: 2:59.50      43.837        54.702         0.2
 STANDARD ERRORS             0.01 S     0.002 DEG     0.002 DEG     0.00 KM    ELLIPSE:  86.9 DEG   0.3 AND    0.4 KM

 SOLUTION-INPUT             -0.35 S    -0.030 DEG    -0.098 DEG    -0.20 KM    AZIM =  247 DEG    DIST =  8.5 KM

 SHIFT                       0.41 S     0.026 DEG     0.078 DEG     0.00 KM    AZIM =   65 DEG    DIST =  6.9 KM
 CALIBRATED            7: 2:59.91      43.864        54.780         0.2

 CALIBRATED-INPUT            0.06 S    -0.003 DEG    -0.020 DEG    -0.20 KM    AZIM =  258 DEG    DIST =  1.6 KM

 Normalized sample variance for cluster vector:  0.448 ( -13.05)

 ******************************************************************************************************************************
 CLUSTER EVENT   2 19701212.0700.59                        mangyshlak4/19701212.0700.59.mnf
 MAG    6.0
 Cluster vector location parameters: (lat, lon,      , origin time)
            DATE         TIME        LATITUDE     LONGITUDE       DEPTH         EC**2/NSTA    EH**2/NSTA  PRMAX  DELT PRES FLAG
 INPUT   12/12/1970    7: 0:59.83      43.850        54.800         0.5
 START   12/12/1970    7: 0:59.83      43.850        54.800         0.3

 ITER 0                     -0.01 S     9.54 KM       1.18 KM       0.00 KM     106.2/ 293    111.6/ 153    4.0   268  105  124
 ITER 1                     -0.00 S    -0.03 KM       0.01 KM       0.00 KM     102.0/ 293     99.4/ 153    4.0   268  103  124

  CUMULATIVE                -0.02 S     9.51 KM       1.19 KM       0.00 KM    AZIM =    7 DEG    DIST =  9.6 KM
 +HYPOCENTROID              -0.41 S    -6.02 KM      -8.13 KM       0.00 KM
  TOTAL                     -0.43 S     3.50 KM      -6.94 KM       0.00 KM    AZIM =  297 DEG    DIST =  7.8 KM

 SOLUTION 12/12/1970   7: 0:59.40      43.881        54.714         0.3
 STANDARD ERRORS             0.01 S     0.002 DEG     0.002 DEG     0.00 KM    ELLIPSE: -75.1 DEG   0.3 AND    0.4 KM

 SOLUTION-INPUT             -0.43 S     0.031 DEG    -0.086 DEG    -0.20 KM    AZIM =  297 DEG    DIST =  7.8 KM

 SHIFT                       0.41 S     0.026 DEG     0.078 DEG     0.00 KM    AZIM =   65 DEG    DIST =  6.9 KM
 CALIBRATED            7: 0:59.81      43.908        54.792         0.3

 CALIBRATED-INPUT           -0.02 S     0.058 DEG    -0.008 DEG    -0.20 KM    AZIM =  354 DEG    DIST =  6.5 KM

 Normalized sample variance for cluster vector:  0.357 ( -15.19)

 ******************************************************************************************************************************
 CLUSTER EVENT   3 19701223.0700.59                        mangyshlak4/19701223.0700.59.mnf
 MAG    6.0
 Cluster vector location parameters: (lat, lon,      , origin time)
            DATE         TIME        LATITUDE     LONGITUDE       DEPTH         EC**2/NSTA    EH**2/NSTA  PRMAX  DELT PRES FLAG
 INPUT   12/23/1970    7: 0:59.76      44.025        54.933         0.5
 START   12/23/1970    7: 0:59.76      44.025        54.933         0.3

 ITER 0                     -0.05 S   -12.38 KM      -1.46 KM       0.00 KM     118.1/ 264    101.7/ 151    4.0   276   91  133
 ITER 1                      0.01 S     0.06 KM       0.02 KM       0.00 KM     118.8/ 271    104.6/ 152    4.0   275   93  133

  CUMULATIVE                -0.04 S   -12.32 KM      -1.44 KM       0.00 KM    AZIM =  187 DEG    DIST = 12.4 KM
 +HYPOCENTROID              -0.41 S    -6.02 KM      -8.13 KM       0.00 KM
  TOTAL                     -0.45 S   -18.34 KM      -9.57 KM       0.00 KM    AZIM =  208 DEG    DIST = 20.7 KM

 SOLUTION 12/23/1970   7: 0:59.31      43.860        54.814         0.3
 STANDARD ERRORS             0.01 S     0.002 DEG     0.002 DEG     0.00 KM    ELLIPSE:  78.0 DEG   0.3 AND    0.4 KM

 SOLUTION-INPUT             -0.45 S    -0.165 DEG    -0.119 DEG    -0.20 KM    AZIM =  208 DEG    DIST = 20.7 KM

 SHIFT                       0.41 S     0.026 DEG     0.078 DEG     0.00 KM    AZIM =   65 DEG    DIST =  6.9 KM
 CALIBRATED            7: 0:59.72      43.887        54.892         0.3

 CALIBRATED-INPUT           -0.04 S    -0.138 DEG    -0.041 DEG    -0.20 KM    AZIM =  192 DEG    DIST = 15.7 KM

 Normalized sample variance for cluster vector:  0.448 ( -13.05)
